Archive member included to satisfy reference by file (symbol)

C:/ST/STM32CubeIDE_2.1.0/STM32CubeIDE/plugins/com.st.stm32cube.ide.mcu.externaltools.gnu-tools-for-stm32.14.3.rel1.win32_1.0.100.202602081740/tools/bin/../lib/gcc/arm-none-eabi/14.3.1/../../../../arm-none-eabi/lib/thumb/v7e-m+fp/hard\libc_nano.a(libc_a-exit.o)
                              C:/ST/STM32CubeIDE_2.1.0/STM32CubeIDE/plugins/com.st.stm32cube.ide.mcu.externaltools.gnu-tools-for-stm32.14.3.rel1.win32_1.0.100.202602081740/tools/bin/../lib/gcc/arm-none-eabi/14.3.1/../../../../arm-none-eabi/lib/thumb/v7e-m+fp/hard/crt0.o (exit)
C:/ST/STM32CubeIDE_2.1.0/STM32CubeIDE/plugins/com.st.stm32cube.ide.mcu.externaltools.gnu-tools-for-stm32.14.3.rel1.win32_1.0.100.202602081740/tools/bin/../lib/gcc/arm-none-eabi/14.3.1/../../../../arm-none-eabi/lib/thumb/v7e-m+fp/hard\libc_nano.a(libc_a-findfp.o)
                              C:/ST/STM32CubeIDE_2.1.0/STM32CubeIDE/plugins/com.st.stm32cube.ide.mcu.externaltools.gnu-tools-for-stm32.14.3.rel1.win32_1.0.100.202602081740/tools/bin/../lib/gcc/arm-none-eabi/14.3.1/../../../../arm-none-eabi/lib/thumb/v7e-m+fp/hard\libc_nano.a(libc_a-exit.o) (__stdio_exit_handler)
C:/ST/STM32CubeIDE_2.1.0/STM32CubeIDE/plugins/com.st.stm32cube.ide.mcu.externaltools.gnu-tools-for-stm32.14.3.rel1.win32_1.0.100.202602081740/tools/bin/../lib/gcc/arm-none-eabi/14.3.1/../../../../arm-none-eabi/lib/thumb/v7e-m+fp/hard\libc_nano.a(libc_a-fwalk.o)
                              C:/ST/STM32CubeIDE_2.1.0/STM32CubeIDE/plugins/com.st.stm32cube.ide.mcu.externaltools.gnu-tools-for-stm32.14.3.rel1.win32_1.0.100.202602081740/tools/bin/../lib/gcc/arm-none-eabi/14.3.1/../../../../arm-none-eabi/lib/thumb/v7e-m+fp/hard\libc_nano.a(libc_a-findfp.o) (_fwalk_sglue)
C:/ST/STM32CubeIDE_2.1.0/STM32CubeIDE/plugins/com.st.stm32cube.ide.mcu.externaltools.gnu-tools-for-stm32.14.3.rel1.win32_1.0.100.202602081740/tools/bin/../lib/gcc/arm-none-eabi/14.3.1/../../../../arm-none-eabi/lib/thumb/v7e-m+fp/hard\libc_nano.a(libc_a-stdio.o)
                              C:/ST/STM32CubeIDE_2.1.0/STM32CubeIDE/plugins/com.st.stm32cube.ide.mcu.externaltools.gnu-tools-for-stm32.14.3.rel1.win32_1.0.100.202602081740/tools/bin/../lib/gcc/arm-none-eabi/14.3.1/../../../../arm-none-eabi/lib/thumb/v7e-m+fp/hard\libc_nano.a(libc_a-findfp.o) (__sread)
C:/ST/STM32CubeIDE_2.1.0/STM32CubeIDE/plugins/com.st.stm32cube.ide.mcu.externaltools.gnu-tools-for-stm32.14.3.rel1.win32_1.0.100.202602081740/tools/bin/../lib/gcc/arm-none-eabi/14.3.1/../../../../arm-none-eabi/lib/thumb/v7e-m+fp/hard\libc_nano.a(libc_a-memset.o)
                              C:/ST/STM32CubeIDE_2.1.0/STM32CubeIDE/plugins/com.st.stm32cube.ide.mcu.externaltools.gnu-tools-for-stm32.14.3.rel1.win32_1.0.100.202602081740/tools/bin/../lib/gcc/arm-none-eabi/14.3.1/../../../../arm-none-eabi/lib/thumb/v7e-m+fp/hard/crt0.o (memset)
C:/ST/STM32CubeIDE_2.1.0/STM32CubeIDE/plugins/com.st.stm32cube.ide.mcu.externaltools.gnu-tools-for-stm32.14.3.rel1.win32_1.0.100.202602081740/tools/bin/../lib/gcc/arm-none-eabi/14.3.1/../../../../arm-none-eabi/lib/thumb/v7e-m+fp/hard\libc_nano.a(libc_a-closer.o)
                              C:/ST/STM32CubeIDE_2.1.0/STM32CubeIDE/plugins/com.st.stm32cube.ide.mcu.externaltools.gnu-tools-for-stm32.14.3.rel1.win32_1.0.100.202602081740/tools/bin/../lib/gcc/arm-none-eabi/14.3.1/../../../../arm-none-eabi/lib/thumb/v7e-m+fp/hard\libc_nano.a(libc_a-stdio.o) (_close_r)
C:/ST/STM32CubeIDE_2.1.0/STM32CubeIDE/plugins/com.st.stm32cube.ide.mcu.externaltools.gnu-tools-for-stm32.14.3.rel1.win32_1.0.100.202602081740/tools/bin/../lib/gcc/arm-none-eabi/14.3.1/../../../../arm-none-eabi/lib/thumb/v7e-m+fp/hard\libc_nano.a(libc_a-reent.o)
                              C:/ST/STM32CubeIDE_2.1.0/STM32CubeIDE/plugins/com.st.stm32cube.ide.mcu.externaltools.gnu-tools-for-stm32.14.3.rel1.win32_1.0.100.202602081740/tools/bin/../lib/gcc/arm-none-eabi/14.3.1/../../../../arm-none-eabi/lib/thumb/v7e-m+fp/hard\libc_nano.a(libc_a-closer.o) (errno)
C:/ST/STM32CubeIDE_2.1.0/STM32CubeIDE/plugins/com.st.stm32cube.ide.mcu.externaltools.gnu-tools-for-stm32.14.3.rel1.win32_1.0.100.202602081740/tools/bin/../lib/gcc/arm-none-eabi/14.3.1/../../../../arm-none-eabi/lib/thumb/v7e-m+fp/hard\libc_nano.a(libc_a-impure.o)
                              C:/ST/STM32CubeIDE_2.1.0/STM32CubeIDE/plugins/com.st.stm32cube.ide.mcu.externaltools.gnu-tools-for-stm32.14.3.rel1.win32_1.0.100.202602081740/tools/bin/../lib/gcc/arm-none-eabi/14.3.1/../../../../arm-none-eabi/lib/thumb/v7e-m+fp/hard\libc_nano.a(libc_a-reent.o) (_impure_ptr)
C:/ST/STM32CubeIDE_2.1.0/STM32CubeIDE/plugins/com.st.stm32cube.ide.mcu.externaltools.gnu-tools-for-stm32.14.3.rel1.win32_1.0.100.202602081740/tools/bin/../lib/gcc/arm-none-eabi/14.3.1/../../../../arm-none-eabi/lib/thumb/v7e-m+fp/hard\libc_nano.a(libc_a-lseekr.o)
[...]
Memory Configuration

Name             Origin             Length             Attributes
RAM              0x20000000         0x00010000         xrw
FLASH            0x08000000         0x00020000         xr
*default*        0x00000000         0xffffffff

Linker script and memory map

LOAD C:/ST/STM32CubeIDE_2.1.0/STM32CubeIDE/plugins/com.st.stm32cube.ide.mcu.externaltools.gnu-tools-for-stm32.14.3.rel1.win32_1.0.100.202602081740/tools/bin/../lib/gcc/arm-none-eabi/14.3.1/thumb/v7e-m+fp/hard/crti.o
LOAD C:/ST/STM32CubeIDE_2.1.0/STM32CubeIDE/plugins/com.st.stm32cube.ide.mcu.externaltools.gnu-tools-for-stm32.14.3.rel1.win32_1.0.100.202602081740/tools/bin/../lib/gcc/arm-none-eabi/14.3.1/thumb/v7e-m+fp/hard/crtbegin.o
LOAD C:/ST/STM32CubeIDE_2.1.0/STM32CubeIDE/plugins/com.st.stm32cube.ide.mcu.externaltools.gnu-tools-for-stm32.14.3.rel1.win32_1.0.100.202602081740/tools/bin/../lib/gcc/arm-none-eabi/14.3.1/../../../../arm-none-eabi/lib/thumb/v7e-m+fp/hard/crt0.o
LOAD ./Core/Project/Manager/Manager.o
LOAD ./Core/Project/Sensors/SHT31.o
LOAD ./Core/Project/UI/UI.o
LOAD ./Core/Src/gpio.o
LOAD ./Core/Src/i2c.o
LOAD ./Core/Src/main.o
LOAD ./Core/Src/stm32f4xx_hal_msp.o
LOAD ./Core/Src/stm32f4xx_it.o
LOAD ./Core/Src/syscalls.o
LOAD ./Core/Src/sysmem.o
LOAD ./Core/Src/system_stm32f4xx.o
LOAD ./Core/Src/tim.o
LOAD ./Core/Startup/startup_stm32f401rbtx.o
LOAD ./Drivers/STM32F4xx_HAL_Driver/Src/stm32f4xx_hal.o
LOAD ./Drivers/STM32F4xx_HAL_Driver/Src/stm32f4xx_hal_cortex.o
LOAD ./Drivers/STM32F4xx_HAL_Driver/Src/stm32f4xx_hal_dma.o
LOAD ./Drivers/STM32F4xx_HAL_Driver/Src/stm32f4xx_hal_dma_ex.o
LOAD ./Drivers/STM32F4xx_HAL_Driver/Src/stm32f4xx_hal_exti.o
LOAD ./Drivers/STM32F4xx_HAL_Driver/Src/stm32f4xx_hal_flash.o
LOAD ./Drivers/STM32F4xx_HAL_Driver/Src/stm32f4xx_hal_flash_ex.o
LOAD ./Drivers/STM32F4xx_HAL_Driver/Src/stm32f4xx_hal_flash_ramfunc.o
LOAD ./Drivers/STM32F4xx_HAL_Driver/Src/stm32f4xx_hal_gpio.o
LOAD ./Drivers/STM32F4xx_HAL_Driver/Src/stm32f4xx_hal_i2c.o
LOAD ./Drivers/STM32F4xx_HAL_Driver/Src/stm32f4xx_hal_i2c_ex.o
LOAD ./Drivers/STM32F4xx_HAL_Driver/Src/stm32f4xx_hal_pwr.o
LOAD ./Drivers/STM32F4xx_HAL_Driver/Src/stm32f4xx_hal_pwr_ex.o
LOAD ./Drivers/STM32F4xx_HAL_Driver/Src/stm32f4xx_hal_rcc.o
LOAD ./Drivers/STM32F4xx_HAL_Driver/Src/stm32f4xx_hal_rcc_ex.o
LOAD ./Drivers/STM32F4xx_HAL_Driver/Src/stm32f4xx_hal_tim.o
LOAD ./Drivers/STM32F4xx_HAL_Driver/Src/stm32f4xx_hal_tim_ex.o
START GROUP
LOAD C:/ST/STM32CubeIDE_2.1.0/STM32CubeIDE/plugins/com.st.stm32cube.ide.mcu.externaltools.gnu-tools-for-stm32.14.3.rel1.win32_1.0.100.202602081740/tools/bin/../lib/gcc/arm-none-eabi/14.3.1/../../../../arm-none-eabi/lib/thumb/v7e-m+fp/hard\libc_nano.a
LOAD C:/ST/STM32CubeIDE_2.1.0/STM32CubeIDE/plugins/com.st.stm32cube.ide.mcu.externaltools.gnu-tools-for-stm32.14.3.rel1.win32_1.0.100.202602081740/tools/bin/../lib/gcc/arm-none-eabi/14.3.1/../../../../arm-none-eabi/lib/thumb/v7e-m+fp/hard\libm.a
END GROUP
START GROUP
LOAD C:/ST/STM32CubeIDE_2.1.0/STM32CubeIDE/plugins/com.st.stm32cube.ide.mcu.externaltools.gnu-tools-for-stm32.14.3.rel1.win32_1.0.100.202602081740/tools/bin/../lib/gcc/arm-none-eabi/14.3.1/thumb/v7e-m+fp/hard\libgcc.a
LOAD C:/ST/STM32CubeIDE_2.1.0/STM32CubeIDE/plugins/com.st.stm32cube.ide.mcu.externaltools.gnu-tools-for-stm32.14.3.rel1.win32_1.0.100.202602081740/tools/bin/../lib/gcc/arm-none-eabi/14.3.1/../../../../arm-none-eabi/lib/thumb/v7e-m+fp/hard\libc_nano.a
END GROUP
START GROUP
LOAD C:/ST/STM32CubeIDE_2.1.0/STM32CubeIDE/plugins/com.st.stm32cube.ide.mcu.externaltools.gnu-tools-for-stm32.14.3.rel1.win32_1.0.100.202602081740/tools/bin/../lib/gcc/arm-none-eabi/14.3.1/thumb/v7e-m+fp/hard\libgcc.a
LOAD C:/ST/STM32CubeIDE_2.1.0/STM32CubeIDE/plugins/com.st.stm32cube.ide.mcu.externaltools.gnu-tools-for-stm32.14.3.rel1.win32_1.0.100.202602081740/tools/bin/../lib/gcc/arm-none-eabi/14.3.1/../../../../arm-none-eabi/lib/thumb/v7e-m+fp/hard\libc_nano.a
LOAD C:/ST/STM32CubeIDE_2.1.0/STM32CubeIDE/plugins/com.st.stm32cube.ide.mcu.externaltools.gnu-tools-for-stm32.14.3.rel1.win32_1.0.100.202602081740/tools/bin/../lib/gcc/arm-none-eabi/14.3.1/../../../../arm-none-eabi/lib/thumb/v7e-m+fp/hard\libnosys.a
END GROUP
START GROUP
LOAD C:/ST/STM32CubeIDE_2.1.0/STM32CubeIDE/plugins/com.st.stm32cube.ide.mcu.externaltools.gnu-tools-for-stm32.14.3.rel1.win32_1.0.100.202602081740/tools/bin/../lib/gcc/arm-none-eabi/14.3.1/thumb/v7e-m+fp/hard\libgcc.a
LOAD C:/ST/STM32CubeIDE_2.1.0/STM32CubeIDE/plugins/com.st.stm32cube.ide.mcu.externaltools.gnu-tools-for-stm32.14.3.rel1.win32_1.0.100.202602081740/tools/bin/../lib/gcc/arm-none-eabi/14.3.1/../../../../arm-none-eabi/lib/thumb/v7e-m+fp/hard\libc_nano.a
LOAD C:/ST/STM32CubeIDE_2.1.0/STM32CubeIDE/plugins/com.st.stm32cube.ide.mcu.externaltools.gnu-tools-for-stm32.14.3.rel1.win32_1.0.100.202602081740/tools/bin/../lib/gcc/arm-none-eabi/14.3.1/../../../../arm-none-eabi/lib/thumb/v7e-m+fp/hard\libnosys.a
END GROUP
LOAD C:/ST/STM32CubeIDE_2.1.0/STM32CubeIDE/plugins/com.st.stm32cube.ide.mcu.externaltools.gnu-tools-for-stm32.14.3.rel1.win32_1.0.100.202602081740/tools/bin/../lib/gcc/arm-none-eabi/14.3.1/thumb/v7e-m+fp/hard/crtend.o
LOAD C:/ST/STM32CubeIDE_2.1.0/STM32CubeIDE/plugins/com.st.stm32cube.ide.mcu.externaltools.gnu-tools-for-stm32.14.3.rel1.win32_1.0.100.202602081740/tools/bin/../lib/gcc/arm-none-eabi/14.3.1/thumb/v7e-m+fp/hard/crtn.o
                0x20010000                        _estack = (ORIGIN (RAM) + LENGTH (RAM))
                0x00000200                        _Min_Heap_Size = 0x200
                0x00000400                        _Min_Stack_Size = 0x400

.isr_vector     0x08000000      0x194
                0x08000000                        . = ALIGN (0x4)
 *(.isr_vector)
 .isr_vector    0x08000000      0x194 ./Core/Startup/startup_stm32f401rbtx.o
                0x08000000                g_pfnVectors
                0x08000194                        . = ALIGN (0x4)

.text           0x08000198     0x4050
                0x08000198                        . = ALIGN (0x4)
 *(.text)
 .text          0x08000198       0x40 C:/ST/STM32CubeIDE_2.1.0/STM32CubeIDE/plugins/com.st.stm32cube.ide.mcu.externaltools.gnu-tools-for-stm32.14.3.rel1.win32_1.0.100.202602081740/tools/bin/../lib/gcc/arm-none-eabi/14.3.1/thumb/v7e-m+fp/hard/crtbegin.o
 .text          0x080001d8      0x254 C:/ST/STM32CubeIDE_2.1.0/STM32CubeIDE/plugins/com.st.stm32cube.ide.mcu.externaltools.gnu-tools-for-stm32.14.3.rel1.win32_1.0.100.202602081740/tools/bin/../lib/gcc/arm-none-eabi/14.3.1/thumb/v7e-m+fp/hard\libgcc.a(_arm_muldf3.o)
                0x080001d8                __muldf3
                0x080001d8                __aeabi_dmul
 .text          0x0800042c      0x378 C:/ST/STM32CubeIDE_2.1.0/STM32CubeIDE/plugins/com.st.stm32cube.ide.mcu.externaltools.gnu-tools-for-stm32.14.3.rel1.win32_1.0.100.202602081740/tools/bin/../lib/gcc/arm-none-eabi/14.3.1/thumb/v7e-m+fp/hard\libgcc.a(_arm_addsubdf3.o)
                0x0800042c                __aeabi_drsub
                0x08000434                __aeabi_dsub
                0x08000434                __subdf3
                0x08000438                __aeabi_dadd
                0x08000438                __adddf3
                0x080006b0                __floatunsidf
                0x080006b0                __aeabi_ui2d
                0x080006d0                __floatsidf
                0x080006d0                __aeabi_i2d
                0x080006f4                __aeabi_f2d
                0x080006f4                __extendsfdf2
                0x08000738                __floatundidf
                0x08000738                __aeabi_ul2d
                0x08000748                __floatdidf
                0x08000748                __aeabi_l2d
 .text          0x080007a4       0xa0 C:/ST/STM32CubeIDE_2.1.0/STM32CubeIDE/plugins/com.st.stm32cube.ide.mcu.externaltools.gnu-tools-for-stm32.14.3.rel1.win32_1.0.100.202602081740/tools/bin/../lib/gcc/arm-none-eabi/14.3.1/thumb/v7e-m+fp/hard\libgcc.a(_arm_truncdfsf2.o)
                0x080007a4                __truncdfsf2
                0x080007a4                __aeabi_d2f
 .text          0x08000844       0x30 C:/ST/STM32CubeIDE_2.1.0/STM32CubeIDE/plugins/com.st.stm32cube.ide.mcu.externaltools.gnu-tools-for-stm32.14.3.rel1.win32_1.0.100.202602081740/tools/bin/../lib/gcc/arm-none-eabi/14.3.1/thumb/v7e-m+fp/hard\libgcc.a(_aeabi_uldivmod.o)
                0x08000844                __aeabi_uldivmod
 .text          0x08000874      0x2f8 C:/ST/STM32CubeIDE_2.1.0/STM32CubeIDE/plugins/com.st.stm32cube.ide.mcu.externaltools.gnu-tools-for-stm32.14.3.rel1.win32_1.0.100.202602081740/tools/bin/../lib/gcc/arm-none-eabi/14.3.1/thumb/v7e-m+fp/hard\libgcc.a(_udivmoddi4.o)
                0x08000874                __udivmoddi4
 .text          0x08000b6c        0x4 C:/ST/STM32CubeIDE_2.1.0/STM32CubeIDE/plugins/com.st.stm32cube.ide.mcu.externaltools.gnu-tools-for-stm32.14.3.rel1.win32_1.0.100.202602081740/tools/bin/../lib/gcc/arm-none-eabi/14.3.1/thumb/v7e-m+fp/hard\libgcc.a(_dvmd_tls.o)
                0x08000b6c                __aeabi_idiv0
                0x08000b6c                __aeabi_ldiv0
 *(.text*)
 .text.HAL_GPIO_EXTI_Callback
                0x08000b70       0x28 ./Core/Project/Manager/Manager.o
                0x08000b70                HAL_GPIO_EXTI_Callback
 .text.HAL_TIM_PeriodElapsedCallback
                0x08000b98       0x20 ./Core/Project/Manager/Manager.o
                0x08000b98                HAL_TIM_PeriodElapsedCallback
 .text.Manager_Initialize
                0x08000bb8       0xb0 ./Core/Project/Manager/Manager.o
                0x08000bb8                Manager_Initialize
 .text.Manager_Loop
                0x08000c68       0xb4 ./Core/Project/Manager/Manager.o
                0x08000c68                Manager_Loop
 .text.LED0_SetPin
                0x08000d1c       0x24 ./Core/Project/Manager/Manager.o
 .text.LED1_SetPin
                0x08000d40       0x24 ./Core/Project/Manager/Manager.o
 .text.LED2_SetPin
                0x08000d64       0x24 ./Core/Project/Manager/Manager.o
 .text.LED3_SetPin
                0x08000d88       0x24 ./Core/Project/Manager/Manager.o
 .text.Button_GetPin
                0x08000dac       0x20 ./Core/Project/Manager/Manager.o
 .text.Slider_GetPin
                0x08000dcc       0x20 ./Core/Project/Manager/Manager.o
 .text.button_pressed_logic
                0x08000dec       0x50 ./Core/Project/Manager/Manager.o
 .text.button_unpressed_logic
                0x08000e3c       0x30 ./Core/Project/Manager/Manager.o
 .text.I2C_Write
                0x08000e6c       0x34 ./Core/Project/Manager/Manager.o
 .text.I2C_Read
                0x08000ea0       0x34 ./Core/Project/Manager/Manager.o
 .text.CRC_Calculate
                0x08000ed4       0x88 ./Core/Project/Manager/Manager.o
 .text.Delay_ms
                0x08000f5c       0x1a ./Core/Project/Manager/Manager.o
 *fill*         0x08000f76        0x2 
 .text.update_leds
                0x08000f78      0x178 ./Core/Project/Manager/Manager.o
 .text.TemperatureConverter
                0x080010f0       0x74 ./Core/Project/Sensors/SHT31.o
 .text.HumidityConverter
                0x08001164       0x44 ./Core/Project/Sensors/SHT31.o
 .text.COM_WriteRegister
                0x080011a8       0x3c ./Core/Project/Sensors/SHT31.o
                0x080011a8                COM_WriteRegister
 .text.COM_Read6Bytes
                0x080011e4       0x9c ./Core/Project/Sensors/SHT31.o
                0x080011e4                COM_Read6Bytes
 .text.SHT31_Initialize
                0x08001280       0x34 ./Core/Project/Sensors/SHT31.o
                0x08001280                SHT31_Initialize
 .text.SHT31_SoftReset
                0x080012b4       0x1c ./Core/Project/Sensors/SHT31.o
                0x080012b4                SHT31_SoftReset
 .text.SHT31_GetData
                0x080012d0       0x52 ./Core/Project/Sensors/SHT31.o
                0x080012d0                SHT31_GetData
 *fill*         0x08001322        0x2 
 .text.UI_ISR_Button
                0x08001324       0x20 ./Core/Project/UI/UI.o
                0x08001324                UI_ISR_Button
 .text.UI_ISR_Slider
                0x08001344       0x20 ./Core/Project/UI/UI.o
                0x08001344                UI_ISR_Slider
 .text.UI_Initialize
                0x08001364       0x6c ./Core/Project/UI/UI.o
                0x08001364                UI_Initialize
 .text.UI_GetButtonState
                0x080013d0       0x18 ./Core/Project/UI/UI.o
                0x080013d0                UI_GetButtonState
 .text.UI_GetSliderState
                0x080013e8       0x18 ./Core/Project/UI/UI.o
                0x080013e8                UI_GetSliderState
 .text.UI_SetLEDState
                0x08001400       0x6c ./Core/Project/UI/UI.o
                0x08001400                UI_SetLEDState
 .text.MX_GPIO_Init
                0x0800146c      0x128 ./Core/Src/gpio.o
                0x0800146c                MX_GPIO_Init
 .text.MX_I2C1_Init
                0x08001594       0x5c ./Core/Src/i2c.o
                0x08001594                MX_I2C1_Init
 .text.HAL_I2C_MspInit
                0x080015f0       0x90 ./Core/Src/i2c.o
                0x080015f0                HAL_I2C_MspInit
 .text.main     0x08001680       0x22 ./Core/Src/main.o
                0x08001680                main
 *fill*         0x080016a2        0x2 
 .text.SystemClock_Config
                0x080016a4       0xc0 ./Core/Src/main.o
                0x080016a4                SystemClock_Config
 .text.Error_Handler
                0x08001764        0xc ./Core/Src/main.o
                0x08001764                Error_Handler
 .text.HAL_MspInit
                0x08001770       0x50 ./Core/Src/stm32f4xx_hal_msp.o
                0x08001770                HAL_MspInit
 .text.NMI_Handler
                0x080017c0        0x8 ./Core/Src/stm32f4xx_it.o
                0x080017c0                NMI_Handler
 .text.HardFault_Handler
                0x080017c8        0x8 ./Core/Src/stm32f4xx_it.o
                0x080017c8                HardFault_Handler
 .text.MemManage_Handler
                0x080017d0        0x8 ./Core/Src/stm32f4xx_it.o
                0x080017d0                MemManage_Handler
 .text.BusFault_Handler
                0x080017d8        0x8 ./Core/Src/stm32f4xx_it.o
                0x080017d8                BusFault_Handler
 .text.UsageFault_Handler
                0x080017e0        0x8 ./Core/Src/stm32f4xx_it.o
                0x080017e0                UsageFault_Handler
 .text.SVC_Handler
                0x080017e8        0xe ./Core/Src/stm32f4xx_it.o
                0x080017e8                SVC_Handler
 .text.DebugMon_Handler
                0x080017f6        0xe ./Core/Src/stm32f4xx_it.o
                0x080017f6                DebugMon_Handler
 .text.PendSV_Handler
                0x08001804        0xe ./Core/Src/stm32f4xx_it.o
                0x08001804                PendSV_Handler
 .text.SysTick_Handler
                0x08001812        0xc ./Core/Src/stm32f4xx_it.o
                0x08001812                SysTick_Handler
 .text.EXTI2_IRQHandler
                0x0800181e        0xe ./Core/Src/stm32f4xx_it.o
                0x0800181e                EXTI2_IRQHandler
 .text.EXTI3_IRQHandler
                0x0800182c        0xe ./Core/Src/stm32f4xx_it.o
                0x0800182c                EXTI3_IRQHandler
 *fill*         0x0800183a        0x2 
 .text.TIM2_IRQHandler
                0x0800183c       0x14 ./Core/Src/stm32f4xx_it.o
                0x0800183c                TIM2_IRQHandler
 .text.SystemInit
                0x08001850       0x24 ./Core/Src/system_stm32f4xx.o
                0x08001850                SystemInit
 .text.MX_TIM2_Init
                0x08001874       0x98 ./Core/Src/tim.o
                0x08001874                MX_TIM2_Init
 .text.HAL_TIM_Base_MspInit
                0x0800190c       0x4c ./Core/Src/tim.o
                0x0800190c                HAL_TIM_Base_MspInit
 .text.Reset_Handler
                0x08001958       0x50 ./Core/Startup/startup_stm32f401rbtx.o
                0x08001958                Reset_Handler
 .text.Default_Handler
                0x080019a8        0x2 ./Core/Startup/startup_stm32f401rbtx.o
                0x080019a8                RTC_Alarm_IRQHandler
                0x080019a8                SPI4_IRQHandler
                0x080019a8                TIM1_CC_IRQHandler
                0x080019a8                DMA2_Stream5_IRQHandler
                0x080019a8                DMA1_Stream5_IRQHandler
                0x080019a8                PVD_IRQHandler
                0x080019a8                SDIO_IRQHandler
                0x080019a8                TAMP_STAMP_IRQHandler
                0x080019a8                TIM1_UP_TIM10_IRQHandler
                0x080019a8                I2C3_ER_IRQHandler
                0x080019a8                EXTI0_IRQHandler
                0x080019a8                I2C2_EV_IRQHandler
                0x080019a8                DMA1_Stream2_IRQHandler
                0x080019a8                FPU_IRQHandler
                0x080019a8                DMA2_Stream2_IRQHandler
                0x080019a8                SPI1_IRQHandler
                0x080019a8                TIM1_BRK_TIM9_IRQHandler
                0x080019a8                DMA2_Stream3_IRQHandler
                0x080019a8                USART6_IRQHandler
                0x080019a8                DMA2_Stream0_IRQHandler
                0x080019a8                TIM4_IRQHandler
                0x080019a8                I2C1_EV_IRQHandler
                0x080019a8                DMA1_Stream6_IRQHandler
                0x080019a8                DMA1_Stream1_IRQHandler
                0x080019a8                TIM3_IRQHandler
                0x080019a8                RCC_IRQHandler
                0x080019a8                Default_Handler
                0x080019a8                EXTI15_10_IRQHandler
                0x080019a8                ADC_IRQHandler
                0x080019a8                DMA1_Stream7_IRQHandler
                0x080019a8                TIM5_IRQHandler
                0x080019a8                DMA2_Stream7_IRQHandler
                0x080019a8                I2C3_EV_IRQHandler
                0x080019a8                EXTI9_5_IRQHandler
                0x080019a8                RTC_WKUP_IRQHandler
                0x080019a8                SPI2_IRQHandler
                0x080019a8                DMA1_Stream0_IRQHandler
                0x080019a8                EXTI4_IRQHandler
                0x080019a8                WWDG_IRQHandler
                0x080019a8                OTG_FS_WKUP_IRQHandler
                0x080019a8                TIM1_TRG_COM_TIM11_IRQHandler
                0x080019a8                EXTI1_IRQHandler
                0x080019a8                USART2_IRQHandler
                0x080019a8                I2C2_ER_IRQHandler
                0x080019a8                DMA2_Stream1_IRQHandler
                0x080019a8                FLASH_IRQHandler
                0x080019a8                DMA2_Stream4_IRQHandler
                0x080019a8                USART1_IRQHandler
                0x080019a8                OTG_FS_IRQHandler
                0x080019a8                SPI3_IRQHandler
                0x080019a8                DMA1_Stream4_IRQHandler
                0x080019a8                I2C1_ER_IRQHandler
                0x080019a8                DMA2_Stream6_IRQHandler
                0x080019a8                DMA1_Stream3_IRQHandler
 *fill*         0x080019aa        0x2 
 .text.HAL_Init
                0x080019ac       0x44 ./Drivers/STM32F4xx_HAL_Driver/Src/stm32f4xx_hal.o
                0x080019ac                HAL_Init
 .text.HAL_InitTick
                0x080019f0       0x60 ./Drivers/STM32F4xx_HAL_Driver/Src/stm32f4xx_hal.o
                0x080019f0                HAL_InitTick
 .text.HAL_IncTick
                0x08001a50       0x28 ./Drivers/STM32F4xx_HAL_Driver/Src/stm32f4xx_hal.o
                0x08001a50                HAL_IncTick
 .text.HAL_GetTick
                0x08001a78       0x18 ./Drivers/STM32F4xx_HAL_Driver/Src/stm32f4xx_hal.o
                0x08001a78                HAL_GetTick
 .text.HAL_Delay
                0x08001a90       0x48 ./Drivers/STM32F4xx_HAL_Driver/Src/stm32f4xx_hal.o
                0x08001a90                HAL_Delay
 .text.__NVIC_SetPriorityGrouping
                0x08001ad8       0x48 ./Drivers/STM32F4xx_HAL_Driver/Src/stm32f4xx_hal_cortex.o
 .text.__NVIC_GetPriorityGrouping
                0x08001b20       0x1c ./Drivers/STM32F4xx_HAL_Driver/Src/stm32f4xx_hal_cortex.o
 .text.__NVIC_EnableIRQ
                0x08001b3c       0x3c ./Drivers/STM32F4xx_HAL_Driver/Src/stm32f4xx_hal_cortex.o
 .text.__NVIC_SetPriority
                0x08001b78       0x54 ./Drivers/STM32F4xx_HAL_Driver/Src/stm32f4xx_hal_cortex.o
 .text.NVIC_EncodePriority
                0x08001bcc       0x66 ./Drivers/STM32F4xx_HAL_Driver/Src/stm32f4xx_hal_cortex.o
 *fill*         0x08001c32        0x2 
 .text.SysTick_Config
                0x08001c34       0x44 ./Drivers/STM32F4xx_HAL_Driver/Src/stm32f4xx_hal_cortex.o
 .text.HAL_NVIC_SetPriorityGrouping
                0x08001c78       0x16 ./Drivers/STM32F4xx_HAL_Driver/Src/stm32f4xx_hal_cortex.o
                0x08001c78                HAL_NVIC_SetPriorityGrouping
 .text.HAL_NVIC_SetPriority
                0x08001c8e       0x38 ./Drivers/STM32F4xx_HAL_Driver/Src/stm32f4xx_hal_cortex.o
                0x08001c8e                HAL_NVIC_SetPriority
 .text.HAL_NVIC_EnableIRQ
                0x08001cc6       0x1c ./Drivers/STM32F4xx_HAL_Driver/Src/stm32f4xx_hal_cortex.o
                0x08001cc6                HAL_NVIC_EnableIRQ
 .text.HAL_SYSTICK_Config
                0x08001ce2       0x18 ./Drivers/STM32F4xx_HAL_Driver/Src/stm32f4xx_hal_cortex.o
                0x08001ce2                HAL_SYSTICK_Config
 *fill*         0x08001cfa        0x2 
 .text.HAL_GPIO_Init
                0x08001cfc      0x308 ./Drivers/STM32F4xx_HAL_Driver/Src/stm32f4xx_hal_gpio.o
                0x08001cfc                HAL_GPIO_Init
 .text.HAL_GPIO_ReadPin
                0x08002004       0x30 ./Drivers/STM32F4xx_HAL_Driver/Src/stm32f4xx_hal_gpio.o
                0x08002004                HAL_GPIO_ReadPin
 .text.HAL_GPIO_WritePin
                0x08002034       0x32 ./Drivers/STM32F4xx_HAL_Driver/Src/stm32f4xx_hal_gpio.o
                0x08002034                HAL_GPIO_WritePin
 *fill*         0x08002066        0x2 
 .text.HAL_GPIO_EXTI_IRQHandler
                0x08002068       0x30 ./Drivers/STM32F4xx_HAL_Driver/Src/stm32f4xx_hal_gpio.o
                0x08002068                HAL_GPIO_EXTI_IRQHandler
 .text.HAL_I2C_Init
                0x08002098      0x288 ./Drivers/STM32F4xx_HAL_Driver/Src/stm32f4xx_hal_i2c.o
                0x08002098                HAL_I2C_Init
 .text.HAL_I2C_Master_Transmit
                0x08002320      0x1fc ./Drivers/STM32F4xx_HAL_Driver/Src/stm32f4xx_hal_i2c.o
                0x08002320                HAL_I2C_Master_Transmit
 .text.HAL_I2C_Master_Receive
                0x0800251c      0x464 ./Drivers/STM32F4xx_HAL_Driver/Src/stm32f4xx_hal_i2c.o
                0x0800251c                HAL_I2C_Master_Receive
 .text.I2C_MasterRequestWrite
                0x08002980      0x104 ./Drivers/STM32F4xx_HAL_Driver/Src/stm32f4xx_hal_i2c.o
 .text.I2C_MasterRequestRead
                0x08002a84      0x19c ./Drivers/STM32F4xx_HAL_Driver/Src/stm32f4xx_hal_i2c.o
 .text.I2C_WaitOnFlagUntilTimeout
                0x08002c20       0xf4 ./Drivers/STM32F4xx_HAL_Driver/Src/stm32f4xx_hal_i2c.o
 .text.I2C_WaitOnMasterAddressFlagUntilTimeout
                0x08002d14      0x140 ./Drivers/STM32F4xx_HAL_Driver/Src/stm32f4xx_hal_i2c.o
 .text.I2C_WaitOnTXEFlagUntilTimeout
                0x08002e54       0x90 ./Drivers/STM32F4xx_HAL_Driver/Src/stm32f4xx_hal_i2c.o
 .text.I2C_WaitOnBTFFlagUntilTimeout
                0x08002ee4       0x90 ./Drivers/STM32F4xx_HAL_Driver/Src/stm32f4xx_hal_i2c.o
 .text.I2C_WaitOnRXNEFlagUntilTimeout
                0x08002f74       0xba ./Drivers/STM32F4xx_HAL_Driver/Src/stm32f4xx_hal_i2c.o
 .text.I2C_IsAcknowledgeFailed
                0x0800302e       0x5e ./Drivers/STM32F4xx_HAL_Driver/Src/stm32f4xx_hal_i2c.o
 .text.HAL_RCC_OscConfig
                0x0800308c      0x4f0 ./Drivers/STM32F4xx_HAL_Driver/Src/stm32f4xx_hal_rcc.o
                0x0800308c                HAL_RCC_OscConfig
 .text.HAL_RCC_ClockConfig
                0x0800357c      0x1cc ./Drivers/STM32F4xx_HAL_Driver/Src/stm32f4xx_hal_rcc.o
                0x0800357c                HAL_RCC_ClockConfig
 .text.HAL_RCC_GetSysClockFreq
                0x08003748      0x188 ./Drivers/STM32F4xx_HAL_Driver/Src/stm32f4xx_hal_rcc.o
                0x08003748                HAL_RCC_GetSysClockFreq
 .text.HAL_RCC_GetHCLKFreq
                0x080038d0       0x18 ./Drivers/STM32F4xx_HAL_Driver/Src/stm32f4xx_hal_rcc.o
                0x080038d0                HAL_RCC_GetHCLKFreq
 .text.HAL_RCC_GetPCLK1Freq
                0x080038e8       0x28 ./Drivers/STM32F4xx_HAL_Driver/Src/stm32f4xx_hal_rcc.o
                0x080038e8                HAL_RCC_GetPCLK1Freq
 .text.HAL_TIM_Base_Init
                0x08003910       0x9e ./Drivers/STM32F4xx_HAL_Driver/Src/stm32f4xx_hal_tim.o
                0x08003910                HAL_TIM_Base_Init
 *fill*         0x080039ae        0x2 
 .text.HAL_TIM_Base_Start_IT
                0x080039b0       0xc4 ./Drivers/STM32F4xx_HAL_Driver/Src/stm32f4xx_hal_tim.o
                0x080039b0                HAL_TIM_Base_Start_IT
 .text.HAL_TIM_IRQHandler
                0x08003a74      0x1e0 ./Drivers/STM32F4xx_HAL_Driver/Src/stm32f4xx_hal_tim.o
                0x08003a74                HAL_TIM_IRQHandler
 .text.HAL_TIM_ConfigClockSource
                0x08003c54      0x18e ./Drivers/STM32F4xx_HAL_Driver/Src/stm32f4xx_hal_tim.o
                0x08003c54                HAL_TIM_ConfigClockSource
 .text.HAL_TIM_OC_DelayElapsedCallback
                0x08003de2       0x14 ./Drivers/STM32F4xx_HAL_Driver/Src/stm32f4xx_hal_tim.o
                0x08003de2                HAL_TIM_OC_DelayElapsedCallback
 .text.HAL_TIM_IC_CaptureCallback
                0x08003df6       0x14 ./Drivers/STM32F4xx_HAL_Driver/Src/stm32f4xx_hal_tim.o
                0x08003df6                HAL_TIM_IC_CaptureCallback
 .text.HAL_TIM_PWM_PulseFinishedCallback
                0x08003e0a       0x14 ./Drivers/STM32F4xx_HAL_Driver/Src/stm32f4xx_hal_tim.o
                0x08003e0a                HAL_TIM_PWM_PulseFinishedCallback
 .text.HAL_TIM_TriggerCallback
                0x08003e1e       0x14 ./Drivers/STM32F4xx_HAL_Driver/Src/stm32f4xx_hal_tim.o
                0x08003e1e                HAL_TIM_TriggerCallback
 *fill*         0x08003e32        0x2 
 .text.TIM_Base_SetConfig
                0x08003e34      0x10c ./Drivers/STM32F4xx_HAL_Driver/Src/stm32f4xx_hal_tim.o
                0x08003e34                TIM_Base_SetConfig
 .text.TIM_TI1_ConfigInputStage
                0x08003f40       0x5e ./Drivers/STM32F4xx_HAL_Driver/Src/stm32f4xx_hal_tim.o
 .text.TIM_TI2_ConfigInputStage
                0x08003f9e       0x60 ./Drivers/STM32F4xx_HAL_Driver/Src/stm32f4xx_hal_tim.o
 .text.TIM_ITRx_SetConfig
                0x08003ffe       0x36 ./Drivers/STM32F4xx_HAL_Driver/Src/stm32f4xx_hal_tim.o
 .text.TIM_ETR_SetConfig
                0x08004034       0x40 ./Drivers/STM32F4xx_HAL_Driver/Src/stm32f4xx_hal_tim.o
                0x08004034                TIM_ETR_SetConfig
 .text.HAL_TIMEx_MasterConfigSynchronization
                0x08004074       0xdc ./Drivers/STM32F4xx_HAL_Driver/Src/stm32f4xx_hal_tim_ex.o
                0x08004074                HAL_TIMEx_MasterConfigSynchronization
 .text.HAL_TIMEx_CommutCallback
                0x08004150       0x14 ./Drivers/STM32F4xx_HAL_Driver/Src/stm32f4xx_hal_tim_ex.o
                0x08004150                HAL_TIMEx_CommutCallback
 .text.HAL_TIMEx_BreakCallback
                0x08004164       0x14 ./Drivers/STM32F4xx_HAL_Driver/Src/stm32f4xx_hal_tim_ex.o
                0x08004164                HAL_TIMEx_BreakCallback
 .text.memset   0x08004178       0x10 C:/ST/STM32CubeIDE_2.1.0/STM32CubeIDE/plugins/com.st.stm32cube.ide.mcu.externaltools.gnu-tools-for-stm32.14.3.rel1.win32_1.0.100.202602081740/tools/bin/../lib/gcc/arm-none-eabi/14.3.1/../../../../arm-none-eabi/lib/thumb/v7e-m+fp/hard\libc_nano.a(libc_a-memset.o)
                0x08004178                memset
 .text.__libc_init_array
                0x08004188       0x48 C:/ST/STM32CubeIDE_2.1.0/STM32CubeIDE/plugins/com.st.stm32cube.ide.mcu.externaltools.gnu-tools-for-stm32.14.3.rel1.win32_1.0.100.202602081740/tools/bin/../lib/gcc/arm-none-eabi/14.3.1/../../../../arm-none-eabi/lib/thumb/v7e-m+fp/hard\libc_nano.a(libc_a-init.o)
                0x08004188                __libc_init_array
 *(.glue_7)
 .glue_7        0x080041d0        0x0 linker stubs
 *(.glue_7t)
 .glue_7t       0x080041d0        0x0 linker stubs
 *(.eh_frame)
 .eh_frame      0x080041d0        0x0 C:/ST/STM32CubeIDE_2.1.0/STM32CubeIDE/plugins/com.st.stm32cube.ide.mcu.externaltools.gnu-tools-for-stm32.14.3.rel1.win32_1.0.100.202602081740/tools/bin/../lib/gcc/arm-none-eabi/14.3.1/thumb/v7e-m+fp/hard/crtbegin.o
 *(.init)
 .init          0x080041d0        0x4 C:/ST/STM32CubeIDE_2.1.0/STM32CubeIDE/plugins/com.st.stm32cube.ide.mcu.externaltools.gnu-tools-for-stm32.14.3.rel1.win32_1.0.100.202602081740/tools/bin/../lib/gcc/arm-none-eabi/14.3.1/thumb/v7e-m+fp/hard/crti.o
                0x080041d0                _init
 .init          0x080041d4        0x8 C:/ST/STM32CubeIDE_2.1.0/STM32CubeIDE/plugins/com.st.stm32cube.ide.mcu.externaltools.gnu-tools-for-stm32.14.3.rel1.win32_1.0.100.202602081740/tools/bin/../lib/gcc/arm-none-eabi/14.3.1/thumb/v7e-m+fp/hard/crtn.o
 *(.fini)
 .fini          0x080041dc        0x4 C:/ST/STM32CubeIDE_2.1.0/STM32CubeIDE/plugins/com.st.stm32cube.ide.mcu.externaltools.gnu-tools-for-stm32.14.3.rel1.win32_1.0.100.202602081740/tools/bin/../lib/gcc/arm-none-eabi/14.3.1/thumb/v7e-m+fp/hard/crti.o
                0x080041dc                _fini
 .fini          0x080041e0        0x8 C:/ST/STM32CubeIDE_2.1.0/STM32CubeIDE/plugins/com.st.stm32cube.ide.mcu.externaltools.gnu-tools-for-stm32.14.3.rel1.win32_1.0.100.202602081740/tools/bin/../lib/gcc/arm-none-eabi/14.3.1/thumb/v7e-m+fp/hard/crtn.o
                0x080041e8                        . = ALIGN (0x4)
                0x080041e8                        _etext = .

.vfp11_veneer   0x080041e8        0x0
 .vfp11_veneer  0x080041e8        0x0 linker stubs

.v4_bx          0x080041e8        0x0
 .v4_bx         0x080041e8        0x0 linker stubs

.iplt           0x080041e8        0x0
 .iplt          0x080041e8        0x0 C:/ST/STM32CubeIDE_2.1.0/STM32CubeIDE/plugins/com.st.stm32cube.ide.mcu.externaltools.gnu-tools-for-stm32.14.3.rel1.win32_1.0.100.202602081740/tools/bin/../lib/gcc/arm-none-eabi/14.3.1/thumb/v7e-m+fp/hard/crtbegin.o

.rodata         0x080041e8       0x18
                0x080041e8                        . = ALIGN (0x4)
 *(.rodata)
 *(.rodata*)
 .rodata.AHBPrescTable
                0x080041e8       0x10 ./Core/Src/system_stm32f4xx.o
                0x080041e8                AHBPrescTable
 .rodata.APBPrescTable
                0x080041f8        0x8 ./Core/Src/system_stm32f4xx.o
                0x080041f8                APBPrescTable
                0x08004200                        . = ALIGN (0x4)

.ARM.extab      0x08004200        0x0
                0x08004200                        . = ALIGN (0x4)
 *(.ARM.extab* .gnu.linkonce.armextab.*)
                0x08004200                        . = ALIGN (0x4)

.ARM            0x08004200        0x8
                0x08004200                        . = ALIGN (0x4)
                0x08004200                        __exidx_start = .
 *(.ARM.exidx*)
 .ARM.exidx     0x08004200        0x8 C:/ST/STM32CubeIDE_2.1.0/STM32CubeIDE/plugins/com.st.stm32cube.ide.mcu.externaltools.gnu-tools-for-stm32.14.3.rel1.win32_1.0.100.202602081740/tools/bin/../lib/gcc/arm-none-eabi/14.3.1/thumb/v7e-m+fp/hard\libgcc.a(_udivmoddi4.o)
                0x08004208                        __exidx_end = .
                0x08004208                        . = ALIGN (0x4)

.preinit_array  0x08004208        0x0
                0x08004208                        . = ALIGN (0x4)
                0x08004208                        PROVIDE (__preinit_array_start = .)
 *(.preinit_array*)
                0x08004208                        PROVIDE (__preinit_array_end = .)
                0x08004208                        . = ALIGN (0x4)

.init_array     0x08004208        0x4
                0x08004208                        . = ALIGN (0x4)
                0x08004208                        PROVIDE (__init_array_start = .)
 *(SORT_BY_NAME(.init_array.*))
 *(.init_array*)
 .init_array    0x08004208        0x4 C:/ST/STM32CubeIDE_2.1.0/STM32CubeIDE/plugins/com.st.stm32cube.ide.mcu.externaltools.gnu-tools-for-stm32.14.3.rel1.win32_1.0.100.202602081740/tools/bin/../lib/gcc/arm-none-eabi/14.3.1/thumb/v7e-m+fp/hard/crtbegin.o
                0x0800420c                        PROVIDE (__init_array_end = .)
                0x0800420c                        . = ALIGN (0x4)

.fini_array     0x0800420c        0x4
                0x0800420c                        . = ALIGN (0x4)
                [!provide]                        PROVIDE (__fini_array_start = .)
 *(SORT_BY_NAME(.fini_array.*))
 *(.fini_array*)
 .fini_array    0x0800420c        0x4 C:/ST/STM32CubeIDE_2.1.0/STM32CubeIDE/plugins/com.st.stm32cube.ide.mcu.externaltools.gnu-tools-for-stm32.14.3.rel1.win32_1.0.100.202602081740/tools/bin/../lib/gcc/arm-none-eabi/14.3.1/thumb/v7e-m+fp/hard/crtbegin.o
                [!provide]                        PROVIDE (__fini_array_end = .)
                0x08004210                        . = ALIGN (0x4)
                0x08004210                        _sidata = LOADADDR (.data)

.rel.dyn        0x08004210        0x0
 .rel.iplt      0x08004210        0x0 C:/ST/STM32CubeIDE_2.1.0/STM32CubeIDE/plugins/com.st.stm32cube.ide.mcu.externaltools.gnu-tools-for-stm32.14.3.rel1.win32_1.0.100.202602081740/tools/bin/../lib/gcc/arm-none-eabi/14.3.1/thumb/v7e-m+fp/hard/crtbegin.o

.data           0x20000000       0x10 load address 0x08004210
                0x20000000                        . = ALIGN (0x4)
                0x20000000                        _sdata = .
 *(.data)
 *(.data*)
 .data.hcoded_temp
                0x20000000        0x4 ./Core/Project/Manager/Manager.o
 .data.SystemCoreClock
                0x20000004        0x4 ./Core/Src/system_stm32f4xx.o
                0x20000004                SystemCoreClock
 .data.uwTickPrio
                0x20000008        0x4 ./Drivers/STM32F4xx_HAL_Driver/Src/stm32f4xx_hal.o
                0x20000008                uwTickPrio
 .data.uwTickFreq
                0x2000000c        0x1 ./Drivers/STM32F4xx_HAL_Driver/Src/stm32f4xx_hal.o
                0x2000000c                uwTickFreq
 *(.RamFunc)
 *(.RamFunc*)
                0x20000010                        . = ALIGN (0x4)
 *fill*         0x2000000d        0x3 
                0x20000010                        _edata = .

.igot.plt       0x20000010        0x0 load address 0x08004220
 .igot.plt      0x20000010        0x0 C:/ST/STM32CubeIDE_2.1.0/STM32CubeIDE/plugins/com.st.stm32cube.ide.mcu.externaltools.gnu-tools-for-stm32.14.3.rel1.win32_1.0.100.202602081740/tools/bin/../lib/gcc/arm-none-eabi/14.3.1/thumb/v7e-m+fp/hard/crtbegin.o
                0x20000010                        . = ALIGN (0x4)

.bss            0x20000010       0xf0 load address 0x08004220
                0x20000010                        _sbss = .
                0x20000010                        __bss_start__ = _sbss
 *(.bss)
 .bss           0x20000010       0x1c C:/ST/STM32CubeIDE_2.1.0/STM32CubeIDE/plugins/com.st.stm32cube.ide.mcu.externaltools.gnu-tools-for-stm32.14.3.rel1.win32_1.0.100.202602081740/tools/bin/../lib/gcc/arm-none-eabi/14.3.1/thumb/v7e-m+fp/hard/crtbegin.o
 *(.bss*)
 .bss.period_elapsed
                0x2000002c        0x1 ./Core/Project/Manager/Manager.o
 .bss.led_index.1
                0x2000002d        0x1 ./Core/Project/Manager/Manager.o
 .bss.virtual_clk.0
                0x2000002e        0x1 ./Core/Project/Manager/Manager.o
 *fill*         0x2000002f        0x1 
 .bss.g_config  0x20000030       0x14 ./Core/Project/Sensors/SHT31.o
 .bss.g_config  0x20000044       0x18 ./Core/Project/UI/UI.o
 .bss.g_button_pressed
                0x2000005c        0x1 ./Core/Project/UI/UI.o
 .bss.g_slider_position
                0x2000005d        0x1 ./Core/Project/UI/UI.o
 *fill*         0x2000005e        0x2 
 .bss.hi2c1     0x20000060       0x54 ./Core/Src/i2c.o
                0x20000060                hi2c1
 .bss.htim2     0x200000b4       0x48 ./Core/Src/tim.o
                0x200000b4                htim2
 .bss.uwTick    0x200000fc        0x4 ./Drivers/STM32F4xx_HAL_Driver/Src/stm32f4xx_hal.o
                0x200000fc                uwTick
 *(COMMON)
                0x20000100                        . = ALIGN (0x4)
                0x20000100                        _ebss = .
                0x20000100                        __bss_end__ = _ebss

._user_heap_stack
                0x20000100      0x600 load address 0x08004220
                0x20000100                        . = ALIGN (0x8)
                [!provide]                        PROVIDE (end = .)
                0x20000100                        PROVIDE (_end = .)
                0x20000300                        . = (. + _Min_Heap_Size)
 *fill*         0x20000100      0x200 
                0x20000700                        . = (. + _Min_Stack_Size)
 *fill*         0x20000300      0x400 
                0x20000700                        . = ALIGN (0x8)

/DISCARD/
 libc.a(*)
 libm.a(*)
 libgcc.a(*)

.ARM.attributes
                0x00000000       0x30
 *(.ARM.attributes)
 .ARM.attributes
                0x00000000       0x22 C:/ST/STM32CubeIDE_2.1.0/STM32CubeIDE/plugins/com.st.stm32cube.ide.mcu.externaltools.gnu-tools-for-stm32.14.3.rel1.win32_1.0.100.202602081740/tools/bin/../lib/gcc/arm-none-eabi/14.3.1/thumb/v7e-m+fp/hard/crti.o
 .ARM.attributes
                0x00000022       0x34 C:/ST/STM32CubeIDE_2.1.0/STM32CubeIDE/plugins/com.st.stm32cube.ide.mcu.externaltools.gnu-tools-for-stm32.14.3.rel1.win32_1.0.100.202602081740/tools/bin/../lib/gcc/arm-none-eabi/14.3.1/thumb/v7e-m+fp/hard/crtbegin.o
 .ARM.attributes
                0x00000056       0x34 ./Core/Project/Manager/Manager.o
 .ARM.attributes
                0x0000008a       0x34 ./Core/Project/Sensors/SHT31.o
 .ARM.attributes
                0x000000be       0x34 ./Core/Project/UI/UI.o
 .ARM.attributes
                0x000000f2       0x34 ./Core/Src/gpio.o
 .ARM.attributes
                0x00000126       0x34 ./Core/Src/i2c.o
 .ARM.attributes
                0x0000015a       0x34 ./Core/Src/main.o
 .ARM.attributes
                0x0000018e       0x34 ./Core/Src/stm32f4xx_hal_msp.o
 .ARM.attributes
                0x000001c2       0x34 ./Core/Src/stm32f4xx_it.o
 .ARM.attributes
                0x000001f6       0x34 ./Core/Src/system_stm32f4xx.o
 .ARM.attributes
                0x0000022a       0x34 ./Core/Src/tim.o
 .ARM.attributes
                0x0000025e       0x21 ./Core/Startup/startup_stm32f401rbtx.o
 .ARM.attributes
                0x0000027f       0x34 ./Drivers/STM32F4xx_HAL_Driver/Src/stm32f4xx_hal.o
 .ARM.attributes
                0x000002b3       0x34 ./Drivers/STM32F4xx_HAL_Driver/Src/stm32f4xx_hal_cortex.o
 .ARM.attributes
                0x000002e7       0x34 ./Drivers/STM32F4xx_HAL_Driver/Src/stm32f4xx_hal_gpio.o
 .ARM.attributes
                0x0000031b       0x34 ./Drivers/STM32F4xx_HAL_Driver/Src/stm32f4xx_hal_i2c.o
 .ARM.attributes
                0x0000034f       0x34 ./Drivers/STM32F4xx_HAL_Driver/Src/stm32f4xx_hal_rcc.o
 .ARM.attributes
                0x00000383       0x34 ./Drivers/STM32F4xx_HAL_Driver/Src/stm32f4xx_hal_tim.o
 .ARM.attributes
                0x000003b7       0x34 ./Drivers/STM32F4xx_HAL_Driver/Src/stm32f4xx_hal_tim_ex.o
 .ARM.attributes
                0x000003eb       0x34 C:/ST/STM32CubeIDE_2.1.0/STM32CubeIDE/plugins/com.st.stm32cube.ide.mcu.externaltools.gnu-tools-for-stm32.14.3.rel1.win32_1.0.100.202602081740/tools/bin/../lib/gcc/arm-none-eabi/14.3.1/../../../../arm-none-eabi/lib/thumb/v7e-m+fp/hard\libc_nano.a(libc_a-memset.o)
 .ARM.attributes
                0x0000041f       0x34 C:/ST/STM32CubeIDE_2.1.0/STM32CubeIDE/plugins/com.st.stm32cube.ide.mcu.externaltools.gnu-tools-for-stm32.14.3.rel1.win32_1.0.100.202602081740/tools/bin/../lib/gcc/arm-none-eabi/14.3.1/../../../../arm-none-eabi/lib/thumb/v7e-m+fp/hard\libc_nano.a(libc_a-init.o)
 .ARM.attributes
                0x00000453       0x22 C:/ST/STM32CubeIDE_2.1.0/STM32CubeIDE/plugins/com.st.stm32cube.ide.mcu.externaltools.gnu-tools-for-stm32.14.3.rel1.win32_1.0.100.202602081740/tools/bin/../lib/gcc/arm-none-eabi/14.3.1/thumb/v7e-m+fp/hard\libgcc.a(_arm_muldf3.o)
 .ARM.attributes
                0x00000475       0x22 C:/ST/STM32CubeIDE_2.1.0/STM32CubeIDE/plugins/com.st.stm32cube.ide.mcu.externaltools.gnu-tools-for-stm32.14.3.rel1.win32_1.0.100.202602081740/tools/bin/../lib/gcc/arm-none-eabi/14.3.1/thumb/v7e-m+fp/hard\libgcc.a(_arm_addsubdf3.o)
 .ARM.attributes
                0x00000497       0x22 C:/ST/STM32CubeIDE_2.1.0/STM32CubeIDE/plugins/com.st.stm32cube.ide.mcu.externaltools.gnu-tools-for-stm32.14.3.rel1.win32_1.0.100.202602081740/tools/bin/../lib/gcc/arm-none-eabi/14.3.1/thumb/v7e-m+fp/hard\libgcc.a(_arm_truncdfsf2.o)
 .ARM.attributes
                0x000004b9       0x22 C:/ST/STM32CubeIDE_2.1.0/STM32CubeIDE/plugins/com.st.stm32cube.ide.mcu.externaltools.gnu-tools-for-stm32.14.3.rel1.win32_1.0.100.202602081740/tools/bin/../lib/gcc/arm-none-eabi/14.3.1/thumb/v7e-m+fp/hard\libgcc.a(_aeabi_uldivmod.o)
 .ARM.attributes
                0x000004db       0x34 C:/ST/STM32CubeIDE_2.1.0/STM32CubeIDE/plugins/com.st.stm32cube.ide.mcu.externaltools.gnu-tools-for-stm32.14.3.rel1.win32_1.0.100.202602081740/tools/bin/../lib/gcc/arm-none-eabi/14.3.1/thumb/v7e-m+fp/hard\libgcc.a(_udivmoddi4.o)
 .ARM.attributes
                0x0000050f       0x22 C:/ST/STM32CubeIDE_2.1.0/STM32CubeIDE/plugins/com.st.stm32cube.ide.mcu.externaltools.gnu-tools-for-stm32.14.3.rel1.win32_1.0.100.202602081740/tools/bin/../lib/gcc/arm-none-eabi/14.3.1/thumb/v7e-m+fp/hard\libgcc.a(_dvmd_tls.o)
 .ARM.attributes
                0x00000531       0x22 C:/ST/STM32CubeIDE_2.1.0/STM32CubeIDE/plugins/com.st.stm32cube.ide.mcu.externaltools.gnu-tools-for-stm32.14.3.rel1.win32_1.0.100.202602081740/tools/bin/../lib/gcc/arm-none-eabi/14.3.1/thumb/v7e-m+fp/hard/crtn.o
OUTPUT(Challenge_1.elf elf32-littlearm)
LOAD linker stubs
LOAD C:/ST/STM32CubeIDE_2.1.0/STM32CubeIDE/plugins/com.st.stm32cube.ide.mcu.externaltools.gnu-tools-for-stm32.14.3.rel1.win32_1.0.100.202602081740/tools/bin/../lib/gcc/arm-none-eabi/14.3.1/../../../../arm-none-eabi/lib/thumb/v7e-m+fp/hard\libc.a
LOAD C:/ST/STM32CubeIDE_2.1.0/STM32CubeIDE/plugins/com.st.stm32cube.ide.mcu.externaltools.gnu-tools-for-stm32.14.3.rel1.win32_1.0.100.202602081740/tools/bin/../lib/gcc/arm-none-eabi/14.3.1/../../../../arm-none-eabi/lib/thumb/v7e-m+fp/hard\libm.a
LOAD C:/ST/STM32CubeIDE_2.1.0/STM32CubeIDE/plugins/com.st.stm32cube.ide.mcu.externaltools.gnu-tools-for-stm32.14.3.rel1.win32_1.0.100.202602081740/tools/bin/../lib/gcc/arm-none-eabi/14.3.1/thumb/v7e-m+fp/hard\libgcc.a

.debug_info     0x00000000     0xcd17
 .debug_info    0x00000000     0x102c ./Core/Project/Manager/Manager.o
 .debug_info    0x0000102c      0x372 ./Core/Project/Sensors/SHT31.o
 .debug_info    0x0000139e      0x1f1 ./Core/Project/UI/UI.o
 .debug_info    0x0000158f      0x5f6 ./Core/Src/gpio.o
 .debug_info    0x00001b85      0x9a5 ./Core/Src/i2c.o
 .debug_info    0x0000252a      0x4f9 ./Core/Src/main.o
 .debug_info    0x00002a23      0x291 ./Core/Src/stm32f4xx_hal_msp.o
 .debug_info    0x00002cb4      0x724 ./Core/Src/stm32f4xx_it.o
 .debug_info    0x000033d8      0x53e ./Core/Src/system_stm32f4xx.o
 .debug_info    0x00003916      0xb92 ./Core/Src/tim.o
 .debug_info    0x000044a8       0x30 ./Core/Startup/startup_stm32f401rbtx.o
 .debug_info    0x000044d8      0x8bb ./Drivers/STM32F4xx_HAL_Driver/Src/stm32f4xx_hal.o
 .debug_info    0x00004d93      0xcf6 ./Drivers/STM32F4xx_HAL_Driver/Src/stm32f4xx_hal_cortex.o
 .debug_info    0x00005a89      0x6f9 ./Drivers/STM32F4xx_HAL_Driver/Src/stm32f4xx_hal_gpio.o
 .debug_info    0x00006182     0x2426 ./Drivers/STM32F4xx_HAL_Driver/Src/stm32f4xx_hal_i2c.o
 .debug_info    0x000085a8      0x905 ./Drivers/STM32F4xx_HAL_Driver/Src/stm32f4xx_hal_rcc.o
 .debug_info    0x00008ead     0x2996 ./Drivers/STM32F4xx_HAL_Driver/Src/stm32f4xx_hal_tim.o
 .debug_info    0x0000b843     0x14d4 ./Drivers/STM32F4xx_HAL_Driver/Src/stm32f4xx_hal_tim_ex.o

.debug_abbrev   0x00000000     0x2248
 .debug_abbrev  0x00000000      0x305 ./Core/Project/Manager/Manager.o
 .debug_abbrev  0x00000305      0x150 ./Core/Project/Sensors/SHT31.o
 .debug_abbrev  0x00000455      0x10a ./Core/Project/UI/UI.o
 .debug_abbrev  0x0000055f      0x173 ./Core/Src/gpio.o
 .debug_abbrev  0x000006d2      0x1f0 ./Core/Src/i2c.o
 .debug_abbrev  0x000008c2      0x1de ./Core/Src/main.o
 .debug_abbrev  0x00000aa0       0xd8 ./Core/Src/stm32f4xx_hal_msp.o
 .debug_abbrev  0x00000b78      0x1ba ./Core/Src/stm32f4xx_it.o
 .debug_abbrev  0x00000d32      0x11a ./Core/Src/system_stm32f4xx.o
 .debug_abbrev  0x00000e4c      0x20a ./Core/Src/tim.o
 .debug_abbrev  0x00001056       0x24 ./Core/Startup/startup_stm32f401rbtx.o
 .debug_abbrev  0x0000107a      0x24b ./Drivers/STM32F4xx_HAL_Driver/Src/stm32f4xx_hal.o
 .debug_abbrev  0x000012c5      0x31d ./Drivers/STM32F4xx_HAL_Driver/Src/stm32f4xx_hal_cortex.o
 .debug_abbrev  0x000015e2      0x1d3 ./Drivers/STM32F4xx_HAL_Driver/Src/stm32f4xx_hal_gpio.o
 .debug_abbrev  0x000017b5      0x2bc ./Drivers/STM32F4xx_HAL_Driver/Src/stm32f4xx_hal_i2c.o
 .debug_abbrev  0x00001a71      0x2b6 ./Drivers/STM32F4xx_HAL_Driver/Src/stm32f4xx_hal_rcc.o
 .debug_abbrev  0x00001d27      0x28b ./Drivers/STM32F4xx_HAL_Driver/Src/stm32f4xx_hal_tim.o
 .debug_abbrev  0x00001fb2      0x296 ./Drivers/STM32F4xx_HAL_Driver/Src/stm32f4xx_hal_tim_ex.o

.debug_aranges  0x00000000      0xdb0
 .debug_aranges
                0x00000000       0xa0 ./Core/Project/Manager/Manager.o
 .debug_aranges
                0x000000a0       0x50 ./Core/Project/Sensors/SHT31.o
 .debug_aranges
                0x000000f0       0x48 ./Core/Project/UI/UI.o
 .debug_aranges
                0x00000138       0x20 ./Core/Src/gpio.o
 .debug_aranges
                0x00000158       0x30 ./Core/Src/i2c.o
 .debug_aranges
                0x00000188       0x30 ./Core/Src/main.o
 .debug_aranges
                0x000001b8       0x20 ./Core/Src/stm32f4xx_hal_msp.o
 .debug_aranges
                0x000001d8       0x78 ./Core/Src/stm32f4xx_it.o
 .debug_aranges
                0x00000250       0x28 ./Core/Src/system_stm32f4xx.o
 .debug_aranges
                0x00000278       0x30 ./Core/Src/tim.o
 .debug_aranges
                0x000002a8       0x28 ./Core/Startup/startup_stm32f401rbtx.o
 .debug_aranges
                0x000002d0       0xf0 ./Drivers/STM32F4xx_HAL_Driver/Src/stm32f4xx_hal.o
 .debug_aranges
                0x000003c0      0x130 ./Drivers/STM32F4xx_HAL_Driver/Src/stm32f4xx_hal_cortex.o
 .debug_aranges
                0x000004f0       0x58 ./Drivers/STM32F4xx_HAL_Driver/Src/stm32f4xx_hal_gpio.o
 .debug_aranges
                0x00000548      0x2a8 ./Drivers/STM32F4xx_HAL_Driver/Src/stm32f4xx_hal_i2c.o
 .debug_aranges
                0x000007f0       0x88 ./Drivers/STM32F4xx_HAL_Driver/Src/stm32f4xx_hal_rcc.o
 .debug_aranges
                0x00000878      0x3d0 ./Drivers/STM32F4xx_HAL_Driver/Src/stm32f4xx_hal_tim.o
 .debug_aranges
                0x00000c48      0x168 ./Drivers/STM32F4xx_HAL_Driver/Src/stm32f4xx_hal_tim_ex.o

.debug_rnglists
                0x00000000      0xa9e
 .debug_rnglists
                0x00000000       0x77 ./Core/Project/Manager/Manager.o
 .debug_rnglists
                0x00000077       0x38 ./Core/Project/Sensors/SHT31.o
 .debug_rnglists
                0x000000af       0x31 ./Core/Project/UI/UI.o
 .debug_rnglists
                0x000000e0       0x14 ./Core/Src/gpio.o
 .debug_rnglists
                0x000000f4       0x20 ./Core/Src/i2c.o
 .debug_rnglists
                0x00000114       0x20 ./Core/Src/main.o
 .debug_rnglists
                0x00000134       0x13 ./Core/Src/stm32f4xx_hal_msp.o
 .debug_rnglists
                0x00000147       0x55 ./Core/Src/stm32f4xx_it.o
 .debug_rnglists
                0x0000019c       0x1a ./Core/Src/system_stm32f4xx.o
 .debug_rnglists
                0x000001b6       0x20 ./Core/Src/tim.o
 .debug_rnglists
                0x000001d6       0x19 ./Core/Startup/startup_stm32f401rbtx.o
 .debug_rnglists
                0x000001ef       0xaf ./Drivers/STM32F4xx_HAL_Driver/Src/stm32f4xx_hal.o
 .debug_rnglists
                0x0000029e       0xe0 ./Drivers/STM32F4xx_HAL_Driver/Src/stm32f4xx_hal_cortex.o
 .debug_rnglists
                0x0000037e       0x3f ./Drivers/STM32F4xx_HAL_Driver/Src/stm32f4xx_hal_gpio.o
 .debug_rnglists
                0x000003bd      0x23c ./Drivers/STM32F4xx_HAL_Driver/Src/stm32f4xx_hal_i2c.o
 .debug_rnglists
                0x000005f9       0x66 ./Drivers/STM32F4xx_HAL_Driver/Src/stm32f4xx_hal_rcc.o
 .debug_rnglists
                0x0000065f      0x31a ./Drivers/STM32F4xx_HAL_Driver/Src/stm32f4xx_hal_tim.o
 .debug_rnglists
                0x00000979      0x125 ./Drivers/STM32F4xx_HAL_Driver/Src/stm32f4xx_hal_tim_ex.o

.debug_macro    0x00000000    0x16f4c
 .debug_macro   0x00000000      0x367 ./Core/Project/Manager/Manager.o
 .debug_macro   0x00000367      0xad8 ./Core/Project/Manager/Manager.o
 .debug_macro   0x00000e3f       0x22 ./Core/Project/Manager/Manager.o
 .debug_macro   0x00000e61       0x5b ./Core/Project/Manager/Manager.o
 .debug_macro   0x00000ebc       0x2a ./Core/Project/Manager/Manager.o
 .debug_macro   0x00000ee6       0x94 ./Core/Project/Manager/Manager.o
 .debug_macro   0x00000f7a       0x43 ./Core/Project/Manager/Manager.o
 .debug_macro   0x00000fbd       0x34 ./Core/Project/Manager/Manager.o
 .debug_macro   0x00000ff1       0x16 ./Core/Project/Manager/Manager.o
 .debug_macro   0x00001007       0x57 ./Core/Project/Manager/Manager.o
 .debug_macro   0x0000105e       0x9e ./Core/Project/Manager/Manager.o
 .debug_macro   0x000010fc      0x364 ./Core/Project/Manager/Manager.o
 .debug_macro   0x00001460      0x112 ./Core/Project/Manager/Manager.o
 .debug_macro   0x00001572       0x10 ./Core/Project/Manager/Manager.o
 .debug_macro   0x00001582       0x16 ./Core/Project/Manager/Manager.o
 .debug_macro   0x00001598       0x4a ./Core/Project/Manager/Manager.o
 .debug_macro   0x000015e2       0x34 ./Core/Project/Manager/Manager.o
 .debug_macro   0x00001616       0x10 ./Core/Project/Manager/Manager.o
 .debug_macro   0x00001626       0x58 ./Core/Project/Manager/Manager.o
 .debug_macro   0x0000167e       0x8e ./Core/Project/Manager/Manager.o
 .debug_macro   0x0000170c       0x1c ./Core/Project/Manager/Manager.o
 .debug_macro   0x00001728      0x17e ./Core/Project/Manager/Manager.o
 .debug_macro   0x000018a6       0x16 ./Core/Project/Manager/Manager.o
 .debug_macro   0x000018bc       0x16 ./Core/Project/Manager/Manager.o
 .debug_macro   0x000018d2      0x146 ./Core/Project/Manager/Manager.o
 .debug_macro   0x00001a18      0x29b ./Core/Project/Manager/Manager.o
 .debug_macro   0x00001cb3       0x2e ./Core/Project/Manager/Manager.o
 .debug_macro   0x00001ce1       0x28 ./Core/Project/Manager/Manager.o
 .debug_macro   0x00001d09      0x103 ./Core/Project/Manager/Manager.o
 .debug_macro   0x00001e0c       0x6a ./Core/Project/Manager/Manager.o
 .debug_macro   0x00001e76      0x1df ./Core/Project/Manager/Manager.o
 .debug_macro   0x00002055       0x1c ./Core/Project/Manager/Manager.o
 .debug_macro   0x00002071       0x22 ./Core/Project/Manager/Manager.o
 .debug_macro   0x00002093       0xfb ./Core/Project/Manager/Manager.o
 .debug_macro   0x0000218e     0x1011 ./Core/Project/Manager/Manager.o
 .debug_macro   0x0000319f      0x11f ./Core/Project/Manager/Manager.o
 .debug_macro   0x000032be     0xb881 ./Core/Project/Manager/Manager.o
 .debug_macro   0x0000eb3f       0x6d ./Core/Project/Manager/Manager.o
 .debug_macro   0x0000ebac     0x3693 ./Core/Project/Manager/Manager.o
 .debug_macro   0x0001223f       0x56 ./Core/Project/Manager/Manager.o
 .debug_macro   0x00012295      0x416 ./Core/Project/Manager/Manager.o
 .debug_macro   0x000126ab      0x9e9 ./Core/Project/Manager/Manager.o
 .debug_macro   0x00013094      0x115 ./Core/Project/Manager/Manager.o
 .debug_macro   0x000131a9       0xf8 ./Core/Project/Manager/Manager.o
 .debug_macro   0x000132a1       0xa5 ./Core/Project/Manager/Manager.o
 .debug_macro   0x00013346      0x15f ./Core/Project/Manager/Manager.o
 .debug_macro   0x000134a5      0x287 ./Core/Project/Manager/Manager.o
 .debug_macro   0x0001372c       0x5f ./Core/Project/Manager/Manager.o
 .debug_macro   0x0001378b      0x236 ./Core/Project/Manager/Manager.o
 .debug_macro   0x000139c1      0x132 ./Core/Project/Manager/Manager.o
 .debug_macro   0x00013af3      0x23a ./Core/Project/Manager/Manager.o
 .debug_macro   0x00013d2d       0x2e ./Core/Project/Manager/Manager.o
 .debug_macro   0x00013d5b      0x1b5 ./Core/Project/Manager/Manager.o
 .debug_macro   0x00013f10       0x22 ./Core/Project/Manager/Manager.o
 .debug_macro   0x00013f32       0xd6 ./Core/Project/Manager/Manager.o
 .debug_macro   0x00014008      0x127 ./Core/Project/Manager/Manager.o
 .debug_macro   0x0001412f       0x85 ./Core/Project/Manager/Manager.o
 .debug_macro   0x000141b4       0x89 ./Core/Project/Manager/Manager.o
 .debug_macro   0x0001423d      0x8ed ./Core/Project/Manager/Manager.o
 .debug_macro   0x00014b2a       0x47 ./Core/Project/Manager/Manager.o
 .debug_macro   0x00014b71      0x126 ./Core/Project/Manager/Manager.o
 .debug_macro   0x00014c97       0x58 ./Core/Project/Manager/Manager.o
 .debug_macro   0x00014cef       0x22 ./Core/Project/Manager/Manager.o
 .debug_macro   0x00014d11       0x10 ./Core/Project/Manager/Manager.o
 .debug_macro   0x00014d21       0x2e ./Core/Project/Manager/Manager.o
 .debug_macro   0x00014d4f      0x15f ./Core/Project/Sensors/SHT31.o
 .debug_macro   0x00014eae      0x20e ./Core/Project/UI/UI.o
 .debug_macro   0x000150bc       0x8e ./Core/Project/UI/UI.o
 .debug_macro   0x0001514a       0x51 ./Core/Project/UI/UI.o
 .debug_macro   0x0001519b      0x190 ./Core/Project/UI/UI.o
 .debug_macro   0x0001532b       0x5c ./Core/Project/UI/UI.o
 .debug_macro   0x00015387       0x28 ./Core/Project/UI/UI.o
 .debug_macro   0x000153af      0x1f6 ./Core/Src/gpio.o
 .debug_macro   0x000155a5      0x1f6 ./Core/Src/i2c.o
 .debug_macro   0x0001579b      0x218 ./Core/Src/main.o
 .debug_macro   0x000159b3      0x1ec ./Core/Src/stm32f4xx_hal_msp.o
 .debug_macro   0x00015b9f      0x1f6 ./Core/Src/stm32f4xx_it.o
 .debug_macro   0x00015d95      0x1dd ./Core/Src/system_stm32f4xx.o
 .debug_macro   0x00015f72      0x1f6 ./Core/Src/tim.o
 .debug_macro   0x00016168      0x23d ./Drivers/STM32F4xx_HAL_Driver/Src/stm32f4xx_hal.o
 .debug_macro   0x000163a5      0x1dd ./Drivers/STM32F4xx_HAL_Driver/Src/stm32f4xx_hal_cortex.o
 .debug_macro   0x00016582      0x1e3 ./Drivers/STM32F4xx_HAL_Driver/Src/stm32f4xx_hal_gpio.o
 .debug_macro   0x00016765      0x22b ./Drivers/STM32F4xx_HAL_Driver/Src/stm32f4xx_hal_i2c.o
 .debug_macro   0x00016990      0x201 ./Drivers/STM32F4xx_HAL_Driver/Src/stm32f4xx_hal_rcc.o
 .debug_macro   0x00016b91      0x1de ./Drivers/STM32F4xx_HAL_Driver/Src/stm32f4xx_hal_tim.o
 .debug_macro   0x00016d6f      0x1dd ./Drivers/STM32F4xx_HAL_Driver/Src/stm32f4xx_hal_tim_ex.o

.debug_line     0x00000000    0x10e77
 .debug_line    0x00000000      0xc93 ./Core/Project/Manager/Manager.o
 .debug_line    0x00000c93      0x6b6 ./Core/Project/Sensors/SHT31.o
 .debug_line    0x00001349      0x850 ./Core/Project/UI/UI.o
 .debug_line    0x00001b99      0x78f ./Core/Src/gpio.o
 .debug_line    0x00002328      0x7d1 ./Core/Src/i2c.o
 .debug_line    0x00002af9      0x858 ./Core/Src/main.o
 .debug_line    0x00003351      0x763 ./Core/Src/stm32f4xx_hal_msp.o
 .debug_line    0x00003ab4      0x85a ./Core/Src/stm32f4xx_it.o
 .debug_line    0x0000430e      0x7d9 ./Core/Src/system_stm32f4xx.o
 .debug_line    0x00004ae7      0x7dd ./Core/Src/tim.o
 .debug_line    0x000052c4       0x7a ./Core/Startup/startup_stm32f401rbtx.o
 .debug_line    0x0000533e      0xa58 ./Drivers/STM32F4xx_HAL_Driver/Src/stm32f4xx_hal.o
 .debug_line    0x00005d96      0xd25 ./Drivers/STM32F4xx_HAL_Driver/Src/stm32f4xx_hal_cortex.o
 .debug_line    0x00006abb      0xb6e ./Drivers/STM32F4xx_HAL_Driver/Src/stm32f4xx_hal_gpio.o
 .debug_line    0x00007629     0x3b02 ./Drivers/STM32F4xx_HAL_Driver/Src/stm32f4xx_hal_i2c.o
 .debug_line    0x0000b12b      0xe62 ./Drivers/STM32F4xx_HAL_Driver/Src/stm32f4xx_hal_rcc.o
 .debug_line    0x0000bf8d     0x359a ./Drivers/STM32F4xx_HAL_Driver/Src/stm32f4xx_hal_tim.o
 .debug_line    0x0000f527     0x1950 ./Drivers/STM32F4xx_HAL_Driver/Src/stm32f4xx_hal_tim_ex.o

.debug_str      0x00000000    0x8da1c
 .debug_str     0x00000000    0x8da1c ./Core/Project/Manager/Manager.o
                              0x8a6b7 (size before relaxing)
 .debug_str     0x0008da1c     0x7ba0 ./Core/Project/Sensors/SHT31.o
 .debug_str     0x0008da1c    0x862e7 ./Core/Project/UI/UI.o
 .debug_str     0x0008da1c    0x866b6 ./Core/Src/gpio.o
 .debug_str     0x0008da1c    0x8682c ./Core/Src/i2c.o
 .debug_str     0x0008da1c    0x86463 ./Core/Src/main.o
 .debug_str     0x0008da1c    0x8622d ./Core/Src/stm32f4xx_hal_msp.o
 .debug_str     0x0008da1c    0x8674e ./Core/Src/stm32f4xx_it.o
 .debug_str     0x0008da1c    0x86199 ./Core/Src/system_stm32f4xx.o
 .debug_str     0x0008da1c    0x86ca0 ./Core/Src/tim.o
 .debug_str     0x0008da1c       0x66 ./Core/Startup/startup_stm32f401rbtx.o
 .debug_str     0x0008da1c    0x86bbb ./Drivers/STM32F4xx_HAL_Driver/Src/stm32f4xx_hal.o
 .debug_str     0x0008da1c    0x86925 ./Drivers/STM32F4xx_HAL_Driver/Src/stm32f4xx_hal_cortex.o
 .debug_str     0x0008da1c    0x86314 ./Drivers/STM32F4xx_HAL_Driver/Src/stm32f4xx_hal_gpio.o
 .debug_str     0x0008da1c    0x871aa ./Drivers/STM32F4xx_HAL_Driver/Src/stm32f4xx_hal_i2c.o
 .debug_str     0x0008da1c    0x865cd ./Drivers/STM32F4xx_HAL_Driver/Src/stm32f4xx_hal_rcc.o
 .debug_str     0x0008da1c    0x87511 ./Drivers/STM32F4xx_HAL_Driver/Src/stm32f4xx_hal_tim.o
 .debug_str     0x0008da1c    0x86d1d ./Drivers/STM32F4xx_HAL_Driver/Src/stm32f4xx_hal_tim_ex.o

.comment        0x00000000       0x43
 .comment       0x00000000       0x43 ./Core/Project/Manager/Manager.o
                                 0x44 (size before relaxing)
 .comment       0x00000043       0x44 ./Core/Project/Sensors/SHT31.o
 .comment       0x00000043       0x44 ./Core/Project/UI/UI.o
 .comment       0x00000043       0x44 ./Core/Src/gpio.o
 .comment       0x00000043       0x44 ./Core/Src/i2c.o
 .comment       0x00000043       0x44 ./Core/Src/main.o
 .comment       0x00000043       0x44 ./Core/Src/stm32f4xx_hal_msp.o
 .comment       0x00000043       0x44 ./Core/Src/stm32f4xx_it.o
 .comment       0x00000043       0x44 ./Core/Src/system_stm32f4xx.o
 .comment       0x00000043       0x44 ./Core/Src/tim.o
 .comment       0x00000043       0x44 ./Drivers/STM32F4xx_HAL_Driver/Src/stm32f4xx_hal.o
 .comment       0x00000043       0x44 ./Drivers/STM32F4xx_HAL_Driver/Src/stm32f4xx_hal_cortex.o
 .comment       0x00000043       0x44 ./Drivers/STM32F4xx_HAL_Driver/Src/stm32f4xx_hal_gpio.o
 .comment       0x00000043       0x44 ./Drivers/STM32F4xx_HAL_Driver/Src/stm32f4xx_hal_i2c.o
 .comment       0x00000043       0x44 ./Drivers/STM32F4xx_HAL_Driver/Src/stm32f4xx_hal_rcc.o
 .comment       0x00000043       0x44 ./Drivers/STM32F4xx_HAL_Driver/Src/stm32f4xx_hal_tim.o
 .comment       0x00000043       0x44 ./Drivers/STM32F4xx_HAL_Driver/Src/stm32f4xx_hal_tim_ex.o

.debug_frame    0x00000000     0x370c
 .debug_frame   0x00000000      0x264 ./Core/Project/Manager/Manager.o
 .debug_frame   0x00000264      0x114 ./Core/Project/Sensors/SHT31.o
 .debug_frame   0x00000378       0xd4 ./Core/Project/UI/UI.o
 .debug_frame   0x0000044c       0x34 ./Core/Src/gpio.o
 .debug_frame   0x00000480       0x74 ./Core/Src/i2c.o
 .debug_frame   0x000004f4       0x68 ./Core/Src/main.o
 .debug_frame   0x0000055c       0x34 ./Core/Src/stm32f4xx_hal_msp.o
 .debug_frame   0x00000590      0x14c ./Core/Src/stm32f4xx_it.o
 .debug_frame   0x000006dc       0x50 ./Core/Src/system_stm32f4xx.o
 .debug_frame   0x0000072c       0x7c ./Core/Src/tim.o
 .debug_frame   0x000007a8      0x31c ./Drivers/STM32F4xx_HAL_Driver/Src/stm32f4xx_hal.o
 .debug_frame   0x00000ac4      0x4b8 ./Drivers/STM32F4xx_HAL_Driver/Src/stm32f4xx_hal_cortex.o
 .debug_frame   0x00000f7c      0x130 ./Drivers/STM32F4xx_HAL_Driver/Src/stm32f4xx_hal_gpio.o
 .debug_frame   0x000010ac      0xbf4 ./Drivers/STM32F4xx_HAL_Driver/Src/stm32f4xx_hal_i2c.o
 .debug_frame   0x00001ca0      0x1d8 ./Drivers/STM32F4xx_HAL_Driver/Src/stm32f4xx_hal_rcc.o
 .debug_frame   0x00001e78     0x10e8 ./Drivers/STM32F4xx_HAL_Driver/Src/stm32f4xx_hal_tim.o
 .debug_frame   0x00002f60      0x600 ./Drivers/STM32F4xx_HAL_Driver/Src/stm32f4xx_hal_tim_ex.o
 .debug_frame   0x00003560       0x20 C:/ST/STM32CubeIDE_2.1.0/STM32CubeIDE/plugins/com.st.stm32cube.ide.mcu.externaltools.gnu-tools-for-stm32.14.3.rel1.win32_1.0.100.202602081740/tools/bin/../lib/gcc/arm-none-eabi/14.3.1/../../../../arm-none-eabi/lib/thumb/v7e-m+fp/hard\libc_nano.a(libc_a-memset.o)
 .debug_frame   0x00003580       0x2c C:/ST/STM32CubeIDE_2.1.0/STM32CubeIDE/plugins/com.st.stm32cube.ide.mcu.externaltools.gnu-tools-for-stm32.14.3.rel1.win32_1.0.100.202602081740/tools/bin/../lib/gcc/arm-none-eabi/14.3.1/../../../../arm-none-eabi/lib/thumb/v7e-m+fp/hard\libc_nano.a(libc_a-init.o)
 .debug_frame   0x000035ac       0x30 C:/ST/STM32CubeIDE_2.1.0/STM32CubeIDE/plugins/com.st.stm32cube.ide.mcu.externaltools.gnu-tools-for-stm32.14.3.rel1.win32_1.0.100.202602081740/tools/bin/../lib/gcc/arm-none-eabi/14.3.1/thumb/v7e-m+fp/hard\libgcc.a(_arm_muldf3.o)
 .debug_frame   0x000035dc       0xac C:/ST/STM32CubeIDE_2.1.0/STM32CubeIDE/plugins/com.st.stm32cube.ide.mcu.externaltools.gnu-tools-for-stm32.14.3.rel1.win32_1.0.100.202602081740/tools/bin/../lib/gcc/arm-none-eabi/14.3.1/thumb/v7e-m+fp/hard\libgcc.a(_arm_addsubdf3.o)
 .debug_frame   0x00003688       0x24 C:/ST/STM32CubeIDE_2.1.0/STM32CubeIDE/plugins/com.st.stm32cube.ide.mcu.externaltools.gnu-tools-for-stm32.14.3.rel1.win32_1.0.100.202602081740/tools/bin/../lib/gcc/arm-none-eabi/14.3.1/thumb/v7e-m+fp/hard\libgcc.a(_arm_truncdfsf2.o)
 .debug_frame   0x000036ac       0x2c C:/ST/STM32CubeIDE_2.1.0/STM32CubeIDE/plugins/com.st.stm32cube.ide.mcu.externaltools.gnu-tools-for-stm32.14.3.rel1.win32_1.0.100.202602081740/tools/bin/../lib/gcc/arm-none-eabi/14.3.1/thumb/v7e-m+fp/hard\libgcc.a(_aeabi_uldivmod.o)
 .debug_frame   0x000036d8       0x34 C:/ST/STM32CubeIDE_2.1.0/STM32CubeIDE/plugins/com.st.stm32cube.ide.mcu.externaltools.gnu-tools-for-stm32.14.3.rel1.win32_1.0.100.202602081740/tools/bin/../lib/gcc/arm-none-eabi/14.3.1/thumb/v7e-m+fp/hard\libgcc.a(_udivmoddi4.o)

.debug_line_str
                0x00000000       0x4a
 .debug_line_str
                0x00000000       0x4a ./Core/Startup/startup_stm32f401rbtx.o
