../Core/Project/Manager/Manager.c:167:6:HAL_GPIO_EXTI_Callback	16	static
../Core/Project/Manager/Manager.c:177:6:HAL_TIM_PeriodElapsedCallback	16	static
../Core/Project/Manager/Manager.c:185:6:Manager_Initialize	64	static
../Core/Project/Manager/Manager.c:210:6:Manager_Loop	16	static
../Core/Project/Manager/Manager.c:245:13:LED0_SetPin	16	static
../Core/Project/Manager/Manager.c:249:13:LED1_SetPin	16	static
../Core/Project/Manager/Manager.c:253:13:LED2_SetPin	16	static
../Core/Project/Manager/Manager.c:257:13:LED3_SetPin	16	static
../Core/Project/Manager/Manager.c:261:13:Button_GetPin	8	static
../Core/Project/Manager/Manager.c:265:13:Slider_GetPin	8	static
../Core/Project/Manager/Manager.c:269:13:button_pressed_logic	16	static
../Core/Project/Manager/Manager.c:283:13:button_unpressed_logic	16	static
../Core/Project/Manager/Manager.c:290:13:I2C_Write	24	static
../Core/Project/Manager/Manager.c:294:13:I2C_Read	24	static
../Core/Project/Manager/Manager.c:299:16:CRC_Calculate	32	static
../Core/Project/Manager/Manager.c:320:13:Delay_ms	16	static
../Core/Project/Manager/Manager.c:324:13:update_leds	24	static
