../Core/Project/Manager/Manager.c:224:6:HAL_GPIO_EXTI_Callback	16	static
../Core/Project/Manager/Manager.c:234:6:HAL_TIM_PeriodElapsedCallback	16	static
../Core/Project/Manager/Manager.c:242:6:Manager_Initialize	64	static
../Core/Project/Manager/Manager.c:267:6:Manager_Loop	16	static
../Core/Project/Manager/Manager.c:302:13:LED0_SetPin	16	static
../Core/Project/Manager/Manager.c:306:13:LED1_SetPin	16	static
../Core/Project/Manager/Manager.c:310:13:LED2_SetPin	16	static
../Core/Project/Manager/Manager.c:314:13:LED3_SetPin	16	static
../Core/Project/Manager/Manager.c:318:13:Button_GetPin	8	static
../Core/Project/Manager/Manager.c:322:13:Slider_GetPin	8	static
../Core/Project/Manager/Manager.c:326:13:button_pressed_logic	16	static
../Core/Project/Manager/Manager.c:340:13:button_unpressed_logic	16	static
../Core/Project/Manager/Manager.c:347:13:I2C_Write	24	static
../Core/Project/Manager/Manager.c:351:13:I2C_Read	24	static
../Core/Project/Manager/Manager.c:356:16:CRC_Calculate	32	static
../Core/Project/Manager/Manager.c:377:13:Delay_ms	16	static
../Core/Project/Manager/Manager.c:381:13:update_leds	24	static
